components/admin/VideoUploader.tsx(45,31): error TS2339: Property 'env' does not exist on type 'ImportMeta'.
components/CardRenderer.tsx(279,38): error TS2339: Property 'env' does not exist on type 'ImportMeta'.
components/FilterSidebar.tsx(94,236): error TS2339: Property 'length' does not exist on type 'unknown'.
components/FilterSidebar.tsx(149,21): error TS2339: Property 'map' does not exist on type 'unknown'.
components/FilterSidebar.tsx(154,53): error TS2554: Expected 0 arguments, but got 2.
components/MobileFilterSortSheet.tsx(26,3): error TS2300: Duplicate identifier 'onClearFilters'.
components/MobileFilterSortSheet.tsx(33,3): error TS2300: Duplicate identifier 'onClearFilters'.
components/SearchBar.tsx(128,13): error TS2304: Cannot find name 'addToSearchHistory'.
components/SearchBar.tsx(238,41): error TS2304: Cannot find name 'addToSearchHistory'.
context/AppContext.tsx(155,5): error TS2300: Duplicate identifier 'emailSettings'.
context/AppContext.tsx(156,5): error TS2300: Duplicate identifier 'emailSettings'.
context/AppContext.tsx(160,5): error TS2300: Duplicate identifier 'deliverySettings'.
context/AppContext.tsx(161,5): error TS2300: Duplicate identifier 'serviceableRules'.
context/AppContext.tsx(162,5): error TS2300: Duplicate identifier 'updateDeliverySettings'.
context/AppContext.tsx(163,5): error TS2300: Duplicate identifier 'addServiceableRule'.
context/AppContext.tsx(164,5): error TS2300: Duplicate identifier 'removeServiceableRule'.
context/AppContext.tsx(166,5): error TS2300: Duplicate identifier 'deliverySettings'.
context/AppContext.tsx(167,5): error TS2300: Duplicate identifier 'serviceableRules'.
context/AppContext.tsx(168,5): error TS2300: Duplicate identifier 'updateDeliverySettings'.
context/AppContext.tsx(170,5): error TS2300: Duplicate identifier 'addServiceableRule'.
context/AppContext.tsx(171,5): error TS2300: Duplicate identifier 'removeServiceableRule'.
context/AppContext.tsx(242,9): error TS2451: Cannot redeclare block-scoped variable 'addToSearchHistory'.
context/AppContext.tsx(243,9): error TS2451: Cannot redeclare block-scoped variable 'deleteSearchHistoryItem'.
context/AppContext.tsx(244,9): error TS2451: Cannot redeclare block-scoped variable 'clearSearchHistory'.
context/AppContext.tsx(449,34): error TS2304: Cannot find name 'getOrderById'.
context/AppContext.tsx(460,23): error TS2304: Cannot find name 'getOrderById'.
context/AppContext.tsx(504,21): error TS2304: Cannot find name 'setSearchHistory'.
context/AppContext.tsx(537,13): error TS2304: Cannot find name 'setSearchHistory'.
context/AppContext.tsx(543,11): error TS2451: Cannot redeclare block-scoped variable 'addToSearchHistory'.
context/AppContext.tsx(556,9): error TS2304: Cannot find name 'setSearchHistory'.
context/AppContext.tsx(602,11): error TS2451: Cannot redeclare block-scoped variable 'deleteSearchHistoryItem'.
context/AppContext.tsx(605,9): error TS2304: Cannot find name 'setSearchHistory'.
context/AppContext.tsx(622,11): error TS2451: Cannot redeclare block-scoped variable 'clearSearchHistory'.
context/AppContext.tsx(624,9): error TS2304: Cannot find name 'setSearchHistory'.
context/AppContext.tsx(842,28): error TS2367: This comparison appears to be unintentional because the types '"fulfilled"' and '"rejected"' have no overlap.
context/AppContext.tsx(1003,9): error TS2304: Cannot find name 'setCurrentUser'.
context/AppContext.tsx(1010,9): error TS2304: Cannot find name 'setCurrentUser'.
context/AppContext.tsx(1017,9): error TS2304: Cannot find name 'setCurrentUser'.
context/AppContext.tsx(1028,9): error TS2304: Cannot find name 'setCurrentUser'.
context/AppContext.tsx(1039,9): error TS2304: Cannot find name 'setCurrentUser'.
context/AppContext.tsx(1053,13): error TS2552: Cannot find name 'setCurrentUser'. Did you mean 'currentUser'?
context/AppContext.tsx(1063,13): error TS2552: Cannot find name 'setCurrentUser'. Did you mean 'currentUser'?
context/AppContext.tsx(1070,13): error TS2552: Cannot find name 'setCurrentUser'. Did you mean 'currentUser'?
context/AppContext.tsx(1078,9): error TS2552: Cannot find name 'setCurrentUser'. Did you mean 'currentUser'?
context/AppContext.tsx(1678,13): error TS2552: Cannot find name 'setCurrentUser'. Did you mean 'currentUser'?
context/AppContext.tsx(1985,9): error TS2552: Cannot find name 'setCurrentUser'. Did you mean 'currentUser'?
context/AppContext.tsx(1989,15): error TS2304: Cannot find name 'fetchUserOrders'.
context/AppContext.tsx(2069,9): error TS1117: An object literal cannot have multiple properties with the same name.
context/AppContext.tsx(2070,9): error TS1117: An object literal cannot have multiple properties with the same name.
context/AppContext.tsx(2384,62): error TS2552: Cannot find name 'setSession'. Did you mean 'session'?
context/AppContext.tsx(2384,80): error TS2552: Cannot find name 'setCurrentUser'. Did you mean 'currentUser'?
context/AppContext.tsx(2388,9): error TS2561: Object literal may only specify known properties, but 'fetchTaxSettings' does not exist in type 'AppContextType'. Did you mean to write 'taxSettings'?
pages/admin/DashboardPage.tsx(66,38): error TS2339: Property 'orderDate' does not exist on type 'Order'.
pages/admin/DashboardPage.tsx(83,71): error TS2339: Property 'totalAmount' does not exist on type 'Order'.
pages/admin/DashboardPage.tsx(84,65): error TS2339: Property 'totalAmount' does not exist on type 'Order'.
pages/admin/OrderListPage.tsx(158,83): error TS2339: Property 'currentStatus' does not exist on type 'Order'.
pages/admin/OrderListPage.tsx(160,87): error TS2339: Property 'currentStatus' does not exist on type 'Order'.
pages/admin/ProductForm.tsx(189,56): error TS2304: Cannot find name 'removeTag'.
pages/admin/ProductForm.tsx(203,28): error TS2304: Cannot find name 'handleTagInputKeyDown'.
pages/admin/ProductForm.tsx(312,42): error TS2304: Cannot find name 'addColorVariant'.
pages/admin/ProductForm.tsx(323,108): error TS2304: Cannot find name 'handleColorChange'.
pages/admin/ProductForm.tsx(328,108): error TS2304: Cannot find name 'handleColorChange'.
pages/admin/ProductForm.tsx(329,78): error TS2304: Cannot find name 'handleColorChange'.
pages/admin/ProductForm.tsx(334,56): error TS2304: Cannot find name 'removeColorVariant'.
pages/admin/ProductForm.tsx(345,97): error TS2304: Cannot find name 'handleSizeChange'.
pages/admin/ProductForm.tsx(346,98): error TS2304: Cannot find name 'handleSizeChange'.
pages/admin/ProductForm.tsx(348,62): error TS2304: Cannot find name 'removeSizeFromColor'.
pages/admin/ProductForm.tsx(355,54): error TS2304: Cannot find name 'addSizeToColor'.
pages/admin/ProductForm.tsx(367,50): error TS2304: Cannot find name 'handleImageUploadSuccess'.
pages/admin/ProductForm.tsx(368,50): error TS2304: Cannot find name 'handleImageRemove'.
pages/admin/ProductForm.tsx(404,48): error TS2304: Cannot find name 'addCustomizationOption'.
pages/admin/ProductForm.tsx(416,40): error TS2304: Cannot find name 'updateCustomizationOption'.
pages/admin/ProductForm.tsx(426,40): error TS2304: Cannot find name 'updateCustomizationOption'.
pages/admin/ProductForm.tsx(440,42): error TS2304: Cannot find name 'handleOptionValuesChange'.
pages/admin/ProductForm.tsx(451,42): error TS2304: Cannot find name 'updateCustomizationOption'.
pages/admin/ProductForm.tsx(458,60): error TS2304: Cannot find name 'removeCustomizationOption'.
pages/CategoryPage.tsx(171,28): error TS2339: Property 'length' does not exist on type 'unknown'.
pages/CategoryPage.tsx(174,25): error TS2339: Property 'includes' does not exist on type 'unknown'.
pages/PaymentPage.tsx(164,30): error TS2345: Argument of type '{ key: any; amount: number; currency: string; name: any; description: string; handler: (response: any) => Promise<void>; modal: { ondismiss: () => void; }; }' is not assignable to parameter of type 'RazorpayOptions'.
  Type '{ key: any; amount: number; currency: string; name: any; description: string; handler: (response: any) => Promise<void>; modal: { ondismiss: () => void; }; }' is missing the following properties from type 'RazorpayOptions': prefill, theme
services/supabaseClient.ts(13,33): error TS2339: Property 'env' does not exist on type 'ImportMeta'.
services/supabaseClient.ts(14,37): error TS2339: Property 'env' does not exist on type 'ImportMeta'.
supabase/functions/admin-action/index.ts(3,23): error TS2307: Cannot find module 'https://deno.land/std@0.177.0/http/server.ts' or its corresponding type declarations.
supabase/functions/admin-action/index.ts(4,46): error TS2307: Cannot find module 'https://esm.sh/@supabase/supabase-js@2' or its corresponding type declarations.
supabase/functions/courier-webhook/index.ts(23,23): error TS2307: Cannot find module 'https://deno.land/std@0.177.0/http/server.ts' or its corresponding type declarations.
supabase/functions/courier-webhook/index.ts(24,30): error TS2307: Cannot find module 'https://esm.sh/@supabase/supabase-js@2' or its corresponding type declarations.
supabase/functions/create-razorpay-order/index.ts(2,23): error TS2307: Cannot find module 'https://deno.land/std@0.168.0/http/server.ts' or its corresponding type declarations.
supabase/functions/create-razorpay-order/index.ts(3,22): error TS2307: Cannot find module 'npm:razorpay@2.9.2' or its corresponding type declarations.
supabase/functions/create-razorpay-order/index.ts(22,21): error TS2304: Cannot find name 'Deno'.
supabase/functions/create-razorpay-order/index.ts(23,25): error TS2304: Cannot find name 'Deno'.
supabase/functions/generate-invoice/index.ts(5,23): error TS2307: Cannot find module 'https://deno.land/std@0.177.0/http/server.ts' or its corresponding type declarations.
supabase/functions/generate-invoice/index.ts(6,30): error TS2307: Cannot find module 'https://esm.sh/@supabase/supabase-js@2' or its corresponding type declarations.
supabase/functions/generate-invoice/index.ts(7,23): error TS2307: Cannot find module 'https://esm.sh/jspdf@2.5.1' or its corresponding type declarations.
supabase/functions/generate-invoice/index.ts(8,23): error TS2307: Cannot find module 'https://esm.sh/jspdf-autotable@3.5.31' or its corresponding type declarations.
supabase/functions/generate-invoice/index.ts(9,20): error TS2307: Cannot find module 'https://esm.sh/qrcode@1.5.3' or its corresponding type declarations.
supabase/functions/send-admin-otp/index.ts(1,23): error TS2307: Cannot find module 'https://deno.land/std@0.168.0/http/server.ts' or its corresponding type declarations.
supabase/functions/send-admin-otp/index.ts(2,30): error TS2307: Cannot find module 'https://esm.sh/@supabase/supabase-js@2.39.7' or its corresponding type declarations.
supabase/functions/send-admin-otp/index.ts(10,21): error TS2304: Cannot find name 'Deno'.
supabase/functions/send-admin-otp/index.ts(11,28): error TS2304: Cannot find name 'Deno'.
supabase/functions/send-admin-otp/index.ts(69,34): error TS2304: Cannot find name 'Deno'.
supabase/functions/send-order-confirmation/index.ts(3,23): error TS2307: Cannot find module 'https://deno.land/std@0.177.0/http/server.ts' or its corresponding type declarations.
supabase/functions/send-order-confirmation/index.ts(4,30): error TS2307: Cannot find module 'https://esm.sh/@supabase/supabase-js@2' or its corresponding type declarations.
supabase/functions/send-order-update/index.ts(2,23): error TS2307: Cannot find module 'https://deno.land/std@0.168.0/http/server.ts' or its corresponding type declarations.
supabase/functions/send-order-update/index.ts(3,30): error TS2307: Cannot find module 'https://esm.sh/@supabase/supabase-js@2.39.7' or its corresponding type declarations.
supabase/functions/send-order-update/index.ts(11,21): error TS2304: Cannot find name 'Deno'.
supabase/functions/send-order-update/index.ts(12,28): error TS2304: Cannot find name 'Deno'.
supabase/functions/send-order-update/index.ts(166,30): error TS2304: Cannot find name 'Deno'.
supabase/functions/send-shipping-confirmation/index.ts(3,23): error TS2307: Cannot find module 'https://deno.land/std@0.177.0/http/server.ts' or its corresponding type declarations.
supabase/functions/send-shipping-confirmation/index.ts(4,30): error TS2307: Cannot find module 'https://esm.sh/@supabase/supabase-js@2' or its corresponding type declarations.
supabase/functions/verify-razorpay-payment/index.ts(2,23): error TS2307: Cannot find module 'https://deno.land/std@0.168.0/http/server.ts' or its corresponding type declarations.
supabase/functions/verify-razorpay-payment/index.ts(3,24): error TS2307: Cannot find module 'https://deno.land/std@0.177.0/crypto/mod.ts' or its corresponding type declarations.
supabase/functions/verify-razorpay-payment/index.ts(17,24): error TS2304: Cannot find name 'Deno'.
types.ts(992,9): error TS2300: Duplicate identifier 'hsn_code'.
types.ts(995,9): error TS2300: Duplicate identifier 'mrp'.
types.ts(996,9): error TS2300: Duplicate identifier 'name'.
types.ts(997,9): error TS2300: Duplicate identifier 'price'.
types.ts(998,9): error TS2300: Duplicate identifier 'rating'.
types.ts(999,9): error TS2300: Duplicate identifier 'reviews'.
types.ts(1000,9): error TS2300: Duplicate identifier 'mrp'.
types.ts(1001,9): error TS2300: Duplicate identifier 'name'.
types.ts(1002,9): error TS2300: Duplicate identifier 'price'.
types.ts(1003,9): error TS2300: Duplicate identifier 'rating'.
types.ts(1004,9): error TS2300: Duplicate identifier 'reviews'.
types.ts(1010,9): error TS2300: Duplicate identifier 'hsn_code'.
utils/invoiceGenerator.ts(63,33): error TS2339: Property 'invoice_number' does not exist on type 'Order'.
utils/invoiceGenerator.ts(63,92): error TS2339: Property 'id' does not exist on type 'Order'.
utils/invoiceGenerator.ts(66,28): error TS2339: Property 'items' does not exist on type 'Order'.
utils/invoiceGenerator.ts(102,54): error TS2339: Property 'id' does not exist on type 'Order'.
utils/invoiceGenerator.ts(112,33): error TS2339: Property 'id' does not exist on type 'Order'.
utils/invoiceGenerator.ts(137,32): error TS2339: Property 'customerName' does not exist on type 'Order'.
utils/invoiceGenerator.ts(137,54): error TS2339: Property 'shippingAddress' does not exist on type 'Order'.
utils/invoiceGenerator.ts(140,32): error TS2339: Property 'shippingAddress' does not exist on type 'Order'.
utils/invoiceGenerator.ts(140,66): error TS2339: Property 'shippingAddress' does not exist on type 'Order'.
utils/invoiceGenerator.ts(140,101): error TS2339: Property 'shippingAddress' does not exist on type 'Order'.
utils/invoiceGenerator.ts(140,132): error TS2339: Property 'shippingAddress' does not exist on type 'Order'.
utils/invoiceGenerator.ts(140,165): error TS2339: Property 'shippingAddress' does not exist on type 'Order'.
utils/invoiceGenerator.ts(144,30): error TS2339: Property 'shippingAddress' does not exist on type 'Order'.
utils/invoiceGenerator.ts(149,29): error TS2339: Property 'items' does not exist on type 'Order'.
utils/invoiceGenerator.ts(205,35): error TS2339: Property 'totalAmount' does not exist on type 'Order'.
utils/invoiceGenerator.ts(209,92): error TS2339: Property 'id' does not exist on type 'Order'.
utils/invoiceGenerator.ts(241,96): error TS2339: Property 'id' does not exist on type 'Order'.
utils/invoiceGenerator.ts(268,33): error TS2339: Property 'totalAmount' does not exist on type 'Order'.
utils/labelGenerator.ts(57,33): error TS2339: Property 'payment' does not exist on type 'Order'.
utils/labelGenerator.ts(73,20): error TS2339: Property 'shippingAddress' does not exist on type 'Order'.
utils/labelGenerator.ts(79,34): error TS2339: Property 'shippingAddress' does not exist on type 'Order'.
utils/labelGenerator.ts(79,68): error TS2339: Property 'shippingAddress' does not exist on type 'Order'.
utils/labelGenerator.ts(79,103): error TS2339: Property 'shippingAddress' does not exist on type 'Order'.
utils/labelGenerator.ts(79,134): error TS2339: Property 'shippingAddress' does not exist on type 'Order'.
utils/labelGenerator.ts(86,20): error TS2339: Property 'shippingAddress' does not exist on type 'Order'.
utils/labelGenerator.ts(90,28): error TS2339: Property 'shippingAddress' does not exist on type 'Order'.
utils/labelGenerator.ts(98,53): error TS2339: Property 'id' does not exist on type 'Order'.
utils/labelGenerator.ts(106,36): error TS2339: Property 'id' does not exist on type 'Order'.
utils/labelGenerator.ts(133,67): error TS2339: Property 'id' does not exist on type 'Order'.
